[1m[31mERROR   [0m page_factory.component:component.py:82 Element 'title' timed out
Traceback (most recent call last):
  File "/home/maxrock/github/qa-two-playwright-pytest-allure/page_factory/component.py", line 79, in wait_for_element
    locator.wait_for(state="visible", timeout=timeout)
    ~~~~~~~~~~~~~~~~^^^^^^^^^^^^^^^^^^^^^^^^^^^^^^^^^^
  File "/home/maxrock/github/qa-two-playwright-pytest-allure/.venv/lib/python3.13/site-packages/playwright/sync_api/_generated.py", line 17920, in wait_for
    self._sync(self._impl_obj.wait_for(timeout=timeout, state=state))
    ~~~~~~~~~~^^^^^^^^^^^^^^^^^^^^^^^^^^^^^^^^^^^^^^^^^^^^^^^^^^^^^^^
  File "/home/maxrock/github/qa-two-playwright-pytest-allure/.venv/lib/python3.13/site-packages/playwright/_impl/_sync_base.py", line 115, in _sync
    return task.result()
           ~~~~~~~~~~~^^
  File "/home/maxrock/github/qa-two-playwright-pytest-allure/.venv/lib/python3.13/site-packages/playwright/_impl/_locator.py", line 685, in wait_for
    await self._frame.wait_for_selector(
        self._selector, strict=True, timeout=timeout, state=state
    )
  File "/home/maxrock/github/qa-two-playwright-pytest-allure/.venv/lib/python3.13/site-packages/playwright/_impl/_frame.py", line 323, in wait_for_selector
    await self._channel.send("waitForSelector", locals_to_params(locals()))
  File "/home/maxrock/github/qa-two-playwright-pytest-allure/.venv/lib/python3.13/site-packages/playwright/_impl/_connection.py", line 61, in send
    return await self._connection.wrap_api_call(
           ^^^^^^^^^^^^^^^^^^^^^^^^^^^^^^^^^^^^^
    ...<2 lines>...
    )
    ^
  File "/home/maxrock/github/qa-two-playwright-pytest-allure/.venv/lib/python3.13/site-packages/playwright/_impl/_connection.py", line 528, in wrap_api_call
    raise rewrite_error(error, f"{parsed_st['apiName']}: {error}") from None
playwright._impl._errors.TimeoutError: Locator.wait_for: Timeout 5000ms exceeded.
Call log:
  - waiting for locator("//h3[text()='Login']") to be visible

[1m[31mERROR   [0m page_factory.title:title.py:48 Element 'Login' with locator '//h3[text()='Login']'type 'title'
Traceback (most recent call last):
  File "/home/maxrock/github/qa-two-playwright-pytest-allure/page_factory/component.py", line 79, in wait_for_element
    locator.wait_for(state="visible", timeout=timeout)
    ~~~~~~~~~~~~~~~~^^^^^^^^^^^^^^^^^^^^^^^^^^^^^^^^^^
  File "/home/maxrock/github/qa-two-playwright-pytest-allure/.venv/lib/python3.13/site-packages/playwright/sync_api/_generated.py", line 17920, in wait_for
    self._sync(self._impl_obj.wait_for(timeout=timeout, state=state))
    ~~~~~~~~~~^^^^^^^^^^^^^^^^^^^^^^^^^^^^^^^^^^^^^^^^^^^^^^^^^^^^^^^
  File "/home/maxrock/github/qa-two-playwright-pytest-allure/.venv/lib/python3.13/site-packages/playwright/_impl/_sync_base.py", line 115, in _sync
    return task.result()
           ~~~~~~~~~~~^^
  File "/home/maxrock/github/qa-two-playwright-pytest-allure/.venv/lib/python3.13/site-packages/playwright/_impl/_locator.py", line 685, in wait_for
    await self._frame.wait_for_selector(
        self._selector, strict=True, timeout=timeout, state=state
    )
  File "/home/maxrock/github/qa-two-playwright-pytest-allure/.venv/lib/python3.13/site-packages/playwright/_impl/_frame.py", line 323, in wait_for_selector
    await self._channel.send("waitForSelector", locals_to_params(locals()))
  File "/home/maxrock/github/qa-two-playwright-pytest-allure/.venv/lib/python3.13/site-packages/playwright/_impl/_connection.py", line 61, in send
    return await self._connection.wrap_api_call(
           ^^^^^^^^^^^^^^^^^^^^^^^^^^^^^^^^^^^^^
    ...<2 lines>...
    )
    ^
  File "/home/maxrock/github/qa-two-playwright-pytest-allure/.venv/lib/python3.13/site-packages/playwright/_impl/_connection.py", line 528, in wrap_api_call
    raise rewrite_error(error, f"{parsed_st['apiName']}: {error}") from None
playwright._impl._errors.TimeoutError: Locator.wait_for: Timeout 5000ms exceeded.
Call log:
  - waiting for locator("//h3[text()='Login']") to be visible


The above exception was the direct cause of the following exception:

Traceback (most recent call last):
  File "/home/maxrock/github/qa-two-playwright-pytest-allure/page_factory/title.py", line 45, in should_contain_text
    locator: Locator = self.wait_for_element(**kwargs)
                       ~~~~~~~~~~~~~~~~~~~~~^^^^^^^^^^
  File "/home/maxrock/github/qa-two-playwright-pytest-allure/page_factory/component.py", line 83, in wait_for_element
    raise ElementTimeoutError() from e
config.exception.ElementTimeoutError: –í—Ä–µ–º—è –æ–∂–∏–¥–∞–Ω–∏—è —ç–ª–µ–º–µ–Ω—Ç–∞ –∏—Å—Ç–µ–∫–ª–æ